[     104ms] ReferenceError: root is not defined
    at Object.boot (http://localhost:8137/src/ui.js:82:13)
    at http://localhost:8137/index.html:148:39
[     143ms] [ERROR] Failed to load resource: the server responded with a status of 404 (File not found) @ http://localhost:8137/favicon.ico:0
[    9067ms] ReferenceError: root is not defined
    at startGame (http://localhost:8137/src/ui.js:107:5)
    at HTMLButtonElement.<anonymous> (http://localhost:8137/src/ui.js:61:129)
[   13878ms] TypeError: Cannot read properties of null (reading 'N')
    at Object.animateTerritory (http://localhost:8137/src/render.js:185:115)
    at refresh (http://localhost:8137/src/ui.js:215:25)
    at preview (http://localhost:8137/src/ui.js:211:24)
    at HTMLInputElement.<anonymous> (http://localhost:8137/src/ui.js:155:168)
[   15328ms] TypeError: Cannot read properties of null (reading 'N')
    at Object.animateTerritory (http://localhost:8137/src/render.js:185:115)
    at refresh (http://localhost:8137/src/ui.js:215:25)
    at preview (http://localhost:8137/src/ui.js:211:24)
    at HTMLInputElement.<anonymous> (http://localhost:8137/src/ui.js:155:168)
[   30328ms] TypeError: Cannot read properties of null (reading 'N')
    at Object.animateTerritory (http://localhost:8137/src/render.js:185:115)
    at refresh (http://localhost:8137/src/ui.js:215:25)
    at HTMLButtonElement.endDay (http://localhost:8137/src/ui.js:269:5)
